[wardrobe.essential.gg/category/partner.html]
[backblue.gif]
[fade.gif]
[index.html]
[dunb17ur4ymx4.cloudfront.net/webstore/favicons/405f248b8f7861f5b58bc96ac0d6aae50c8589aa.png]
[wardrobe.essential.gg/template-assets/storea5eb.css]
[kit.fontawesome.com/a43b53df44.js]
[cdn.tebex.io/store/851201/templates/92361/assets/8d20a11fbde9806446a0ebe654afaa3aca389049a950.png]
[wardrobe.essential.gg/category/partner741e.html]
[wardrobe.essential.gg/category/partner3a16.html]
[wardrobe.essential.gg/category/partner06e8.html]
[wardrobe.essential.gg/category/partner8e83.html]
[wardrobe.essential.gg/category/partnerde9d.html]
[wardrobe.essential.gg/category/partner3dc6.html]
[wardrobe.essential.gg/category/partner8f22.html]
[wardrobe.essential.gg/category/partnerdc8f.html]
[wardrobe.essential.gg/category/partnerbfa2.html]
[wardrobe.essential.gg/category/partner5d1e.html]
[wardrobe.essential.gg/category/partner0307.html]
[wardrobe.essential.gg/category/emotes.html]
[cdn.tebex.io/store/851201/templates/92361/assets/51d2dcfb13b0b5557c76d88b734aa562060e427f173c.png]
[cdn.tebex.io/store/851201/templates/92361/assets/2746f0a6eb9fa2a96087596fdf5d1b61a890b4e790da.png]
[wardrobe.essential.gg/category/hacker-collection.html]
[cdn.tebex.io/store/851201/templates/92361/assets/0b3daa6464586972b20fcda2582d91608fdc51f79715.png]
[wardrobe.essential.gg/category/flame.html]
[cdn.tebex.io/store/851201/templates/92361/assets/3e8eebc924d4ac9e9a23f88ea9e97681e8daddf5e1db.png]
[wardrobe.essential.gg/category/winter.html]
[cdn.tebex.io/store/851201/templates/92361/assets/072181ce3a573d03f92d9434ef825c49c1948eaf5639.png]
[wardrobe.essential.gg/category/effect.html]
[cdn.tebex.io/store/851201/templates/92361/assets/c4b5c0490e1e567fec8911f6ba9cb0f0108bc373803d.png]
[wardrobe.essential.gg/category/back.html]
[cdn.tebex.io/store/851201/templates/92361/assets/95e6ba41b013a6b8c8677de09264fc0c44ffe961a950.png]
[wardrobe.essential.gg/category/wings.html]
[cdn.tebex.io/store/851201/templates/92361/assets/1896e4dbad74903d524d4ca584cf2dc11a034af29a32.png]
[wardrobe.essential.gg/category/ears.html]
[cdn.tebex.io/store/851201/templates/92361/assets/dec972ed11409d19b2565ef4221723f8fea468a2a950.png]
[wardrobe.essential.gg/category/face.html]
[cdn.tebex.io/store/851201/templates/92361/assets/280dbc18b2af8d5368133ba1386e7988066baaaba950.png]
[wardrobe.essential.gg/category/hat.html]
[cdn.tebex.io/store/851201/templates/92361/assets/f495eebe1ba1de39c10f31e533884df2eacd6ba0a950.png]
[wardrobe.essential.gg/category/arms.html]
[cdn.tebex.io/store/851201/templates/92361/assets/442b7bf837cbe21b5248bd73ff609d649ccaadc34b58.png]
[wardrobe.essential.gg/category/suits.html]
[cdn.tebex.io/store/851201/templates/92361/assets/ff1a67237717c51b31a9cd071c06d1ff08c3dd52c727.png]
[wardrobe.essential.gg/category/shoes.html]
[cdn.tebex.io/store/851201/templates/92361/assets/ff36c3503e4ad7001655b7cafdbb2abbe07bee95c727.png]
[dunb17ur4ymx4.cloudfront.net/packages/images/fc0f51a50a97e587d96d55cedd2b472a69a92d5f.png]
[dunb17ur4ymx4.cloudfront.net/packages/images/5948e1b54ebaf833d804ec7811be780addc5f0c8.png]
[dunb17ur4ymx4.cloudfront.net/packages/images/2a9fe32845d9a273e9322f7c76c46d04c635114e.png]
[dunb17ur4ymx4.cloudfront.net/packages/images/5b5898880528eaa3f36f5d55b2936bcc876bc053.png]
[dunb17ur4ymx4.cloudfront.net/packages/images/a02ece39a85aceaa4490aff1b61c09e51d5efe6f.png]
[dunb17ur4ymx4.cloudfront.net/packages/images/3819c6a73b376b06c6d70118ae35c9497f489d83.png]
[dunb17ur4ymx4.cloudfront.net/packages/images/2225390f9a95ecfdbfb929dd2493e13181167867.png]
[dunb17ur4ymx4.cloudfront.net/packages/images/b7e142701011ec03e1228c14779bb305cdec766f.png]
[dunb17ur4ymx4.cloudfront.net/packages/images/cf84aa07a75a721386e0677810e57ef8c55604d8.png]
[dunb17ur4ymx4.cloudfront.net/packages/images/35ac997b73660910f05043525124bc7d4191bd03.png]
[dunb17ur4ymx4.cloudfront.net/packages/images/5844609489db59b10002d78830c800f57808b9a9.png]
[dunb17ur4ymx4.cloudfront.net/packages/images/3bc504984464453c213ef206ff33998a79582492.png]
[dunb17ur4ymx4.cloudfront.net/packages/images/a094628d9649ca13bcbb9ad6083e1dca7e7a0047.png]
[dunb17ur4ymx4.cloudfront.net/packages/images/ab1b66a110311d5d09e0b07efa2095b61c41836d.png]
[dunb17ur4ymx4.cloudfront.net/packages/images/478fd2c0e95dfc65334441aecbf5e22082684aee.png]
[dunb17ur4ymx4.cloudfront.net/packages/images/349995e8ba1456aac555227926048aa3e6f44eb5.png]
[dunb17ur4ymx4.cloudfront.net/packages/images/1d58d4daa04726f34770f8c714c215deeba3eab8.png]
[cdn.tebex.io/store/851201/templates/92361/assets/90c86725c02d24d40ae787986359afb850d2536c2778.png]
[ajax.googleapis.com/ajax/libs/jquery/1.11.0/jquery.min.js]
[cdnjs.cloudflare.com/ajax/libs/popper.js/1.14.3/umd/popper.min.js]
[wardrobe.essential.gg/templates/209/js/skin.min.js]
[stackpath.bootstrapcdn.com/bootstrap/4.1.1/js/bootstrap.min.js]
[wardrobe.essential.gg/templates/209/js/site.js]
[wardrobe.essential.gg/category/partner.html]
[wardrobe.essential.gg/template-assets/storea5eb.css]
[wardrobe.essential.gg/category/partner741e.html]
[wardrobe.essential.gg/category/partner3a16.html]
[wardrobe.essential.gg/category/partner06e8.html]
[wardrobe.essential.gg/category/partner8e83.html]
[wardrobe.essential.gg/category/partnerde9d.html]
[wardrobe.essential.gg/category/partner3dc6.html]
[wardrobe.essential.gg/category/partner8f22.html]
[wardrobe.essential.gg/category/partnerdc8f.html]
[wardrobe.essential.gg/category/partnerbfa2.html]
[wardrobe.essential.gg/category/partner5d1e.html]
[wardrobe.essential.gg/category/partner0307.html]
[wardrobe.essential.gg/assets/js/discord.js]
[wardrobe.essential.gg/category/emotes741e.html]
[wardrobe.essential.gg/category/emotes3a16.html]
[wardrobe.essential.gg/category/emotes06e8.html]
[wardrobe.essential.gg/category/emotes8e83.html]
[wardrobe.essential.gg/category/emotesde9d.html]
[wardrobe.essential.gg/category/emotes3dc6.html]
[wardrobe.essential.gg/category/emotes8f22.html]
[wardrobe.essential.gg/category/emotesdc8f.html]
[wardrobe.essential.gg/category/emotesbfa2.html]
[wardrobe.essential.gg/category/emotes5d1e.html]
[dunb17ur4ymx4.cloudfront.net/packages/images/bf6efc88588377243fb56a9398ab6426940f49fe.png]
[dunb17ur4ymx4.cloudfront.net/packages/images/ac986430e96a7ffbf1691692ce1384d49c546441.png]
[wardrobe.essential.gg/category/emotes0307.html]
[dunb17ur4ymx4.cloudfront.net/packages/images/8218f64b37a86671e62bb292266ec2e9998ae565.png]
[dunb17ur4ymx4.cloudfront.net/packages/images/b20181147e990770392c385cb604ce736c1d0296.png]
[dunb17ur4ymx4.cloudfront.net/packages/images/8638a3c124d6f4bbde303108f9c9b11cac63bc51.png]
[dunb17ur4ymx4.cloudfront.net/packages/images/93e7cf9ae198f10cb6073a20c413bce00a0f3899.png]
[dunb17ur4ymx4.cloudfront.net/packages/images/7b2edf3fa63b507bb6b86256863486a45ed82eeb.png]
[dunb17ur4ymx4.cloudfront.net/packages/images/efcabff0805a98a0d85d72d73ce586dff316a720.png]
[dunb17ur4ymx4.cloudfront.net/packages/images/07ae3d20d7301e2d7c0d4a16fec2717ecb985e91.png]
[dunb17ur4ymx4.cloudfront.net/packages/images/5de5c0fa3091e246b870efb42e7ffc0eee8d798a.png]
[dunb17ur4ymx4.cloudfront.net/packages/images/642ae6a8ebff765fd9c8dd6e3adc00e080509713.png]
[dunb17ur4ymx4.cloudfront.net/packages/images/c20fa4ff662134cd3d68dd0af0960417f4db55c3.png]
[dunb17ur4ymx4.cloudfront.net/packages/images/d9f06bab1b2d5933d8853e5e5d608b8cdc4f7d3f.png]
[dunb17ur4ymx4.cloudfront.net/packages/images/92ee3dcce823cf3a8be2205aba9ef7b662fb1260.png]
[dunb17ur4ymx4.cloudfront.net/packages/images/5c876fa859cc7cd199726e85a869ce595de2d310.png]
[dunb17ur4ymx4.cloudfront.net/packages/images/9237a60837313a7fdc9e17d0319b5b54544e7eda.png]
[dunb17ur4ymx4.cloudfront.net/packages/images/d3268d893bb7941a1d0d29164d0569885c5e55ba.png]
[dunb17ur4ymx4.cloudfront.net/packages/images/905f58b4754488c650f60ab533352a83cb256294.png]
[dunb17ur4ymx4.cloudfront.net/packages/images/373769e7f62e190324e56c7c9ea8d0f6e8b6b91b.png]
[dunb17ur4ymx4.cloudfront.net/packages/images/2fca9d26b7ef4d68ebbd894af0cdc89ff196f652.png]
[dunb17ur4ymx4.cloudfront.net/packages/images/ad58c2d51145f62112b3f85c5f20428a026cbd4a.png]
[dunb17ur4ymx4.cloudfront.net/packages/images/bfef367ada713fd98be2bffca078c67d595d9827.png]
[dunb17ur4ymx4.cloudfront.net/packages/images/30f1e713274b79043970a5a77021cbd530636feb.png]
[dunb17ur4ymx4.cloudfront.net/packages/images/5483b3bdc00a8d324d3b6a445ab3b9e83951470a.png]
[dunb17ur4ymx4.cloudfront.net/packages/images/3af3f56eb738a713394359223a31ecb321aa0d29.png]
[dunb17ur4ymx4.cloudfront.net/packages/images/da1645301e04b2f6ae62e8b81074ff9ae0fd3b79.png]
[dunb17ur4ymx4.cloudfront.net/packages/images/057765e7c6c993f09b8d94853b19b6ed5b1ed49e.png]
[dunb17ur4ymx4.cloudfront.net/packages/images/e50503473d8ab85c5d05d3e4e2c487d212eb2df0.png]
[dunb17ur4ymx4.cloudfront.net/packages/images/566055a8a4421b2957621406373a258b1b4cc9d1.png]
[dunb17ur4ymx4.cloudfront.net/packages/images/bd77c3dedde15185f7425b540cb07b181b40d8cd.png]
[dunb17ur4ymx4.cloudfront.net/packages/images/7c7b2cb5726cfc924f49c0b927daf7695466f7f6.png]
[dunb17ur4ymx4.cloudfront.net/packages/images/ddd1691c06ef513e947357ca02d0c4b0a51785a2.png]
[dunb17ur4ymx4.cloudfront.net/packages/images/3a89ce3d14dde479e6ef2d0382fd0486b3b0deef.png]
[dunb17ur4ymx4.cloudfront.net/packages/images/269ddb22d0d38c401ecabd72167f32f15509709b.png]
[dunb17ur4ymx4.cloudfront.net/packages/images/56f13fe68bdd0e0b89397f5da38905a62c94e176.png]
[wardrobe.essential.gg/category/emotes.html]
[wardrobe.essential.gg/category/hacker-collection741e.html]
[wardrobe.essential.gg/category/hacker-collection3a16.html]
[wardrobe.essential.gg/category/hacker-collection06e8.html]
[wardrobe.essential.gg/category/hacker-collection8e83.html]
[wardrobe.essential.gg/category/hacker-collectionde9d.html]
[wardrobe.essential.gg/category/hacker-collection3dc6.html]
[wardrobe.essential.gg/category/hacker-collection8f22.html]
[wardrobe.essential.gg/category/hacker-collectiondc8f.html]
[wardrobe.essential.gg/category/hacker-collectionbfa2.html]
[dunb17ur4ymx4.cloudfront.net/packages/images/655266e7c954d0c995b78d8098f1868679f94f3d.png]
[wardrobe.essential.gg/category/hacker-collection5d1e.html]
[dunb17ur4ymx4.cloudfront.net/packages/images/151871b48a025423d8f1c520813235b589d4db6b.png]
[wardrobe.essential.gg/category/hacker-collection0307.html]
[dunb17ur4ymx4.cloudfront.net/packages/images/2dde3e0287233db4e3af291b8400a79f2688dc0c.png]
[dunb17ur4ymx4.cloudfront.net/packages/images/52f48c227804e77778f64b6f2723edb825b031e2.png]
[dunb17ur4ymx4.cloudfront.net/packages/images/30321c1aad883cf78b3f3ed6d4b9173a3541ee3a.png]
[dunb17ur4ymx4.cloudfront.net/packages/images/ab1e54471d490a0741d600099b83cf88f10d5e65.png]
[dunb17ur4ymx4.cloudfront.net/packages/images/356dc442fa3eec9374124333d1e2082bf7112397.png]
[dunb17ur4ymx4.cloudfront.net/packages/images/b727d501e1f3a2c597d90a4fbcdf96ebc96e35fe.png]
[dunb17ur4ymx4.cloudfront.net/packages/images/5715d0c2000a5da65d9f031a4623d80206502e65.png]
[dunb17ur4ymx4.cloudfront.net/packages/images/7ba17747ed9e0d7e25d188f71de576d8d986725e.png]
[dunb17ur4ymx4.cloudfront.net/packages/images/e64af97f8c4f9949ddeb94154177164872a95aad.png]
[wardrobe.essential.gg/category/hacker-collection.html]
[wardrobe.essential.gg/category/flame741e.html]
[wardrobe.essential.gg/category/flame06e8.html]
[wardrobe.essential.gg/category/flame3a16.html]
[wardrobe.essential.gg/category/flame8e83.html]
[wardrobe.essential.gg/category/flamede9d.html]
[wardrobe.essential.gg/category/flame3dc6.html]
[wardrobe.essential.gg/category/flame8f22.html]
[wardrobe.essential.gg/category/flamedc8f.html]
[wardrobe.essential.gg/category/flamebfa2.html]
[wardrobe.essential.gg/category/flame5d1e.html]
[dunb17ur4ymx4.cloudfront.net/packages/images/5e01ac534631da0d25732294e114206272a26471.png]
[dunb17ur4ymx4.cloudfront.net/packages/images/7dfa9f52c807abc405675aaff8d0cf1ea0089c38.png]
[wardrobe.essential.gg/category/flame0307.html]
[dunb17ur4ymx4.cloudfront.net/packages/images/b54645671c535eccc48c66397d8779e046a90716.png]
[dunb17ur4ymx4.cloudfront.net/packages/images/674c52502e9d1fbc1ea7ba3e2161f46c553e99f6.png]
[dunb17ur4ymx4.cloudfront.net/packages/images/bc223943add843fcd70b53491f13243c18777cd6.png]
[dunb17ur4ymx4.cloudfront.net/packages/images/b0a5b73685f70be19d29bbd3287a9629ae885aa9.png]
[dunb17ur4ymx4.cloudfront.net/packages/images/80bb9199c1a846f1a217ec6142972c3d82028a7c.png]
[dunb17ur4ymx4.cloudfront.net/packages/images/3a07c0a859a721b01f49325974ad438327eedf76.png]
[dunb17ur4ymx4.cloudfront.net/packages/images/688bda0c6aa76a8d8572087bcd100e9a7bf3f553.png]
[dunb17ur4ymx4.cloudfront.net/packages/images/6fc82a046668eab2923d624bab13a13014c092c5.png]
[dunb17ur4ymx4.cloudfront.net/packages/images/cd62dbfae4808163ac40e79ac96f6ff58647979c.png]
[dunb17ur4ymx4.cloudfront.net/packages/images/9b5dccc6f790c32856173277347ae4b3fc5917bf.png]
[dunb17ur4ymx4.cloudfront.net/packages/images/7a569e395ea356146656ca00f0fe8d0fe54b2d12.png]
[dunb17ur4ymx4.cloudfront.net/packages/images/e45d83bf68d24a24464a4f3f271d1c4455d8b739.png]
[wardrobe.essential.gg/category/flame.html]
[wardrobe.essential.gg/category/winter741e.html]
[wardrobe.essential.gg/category/winter3a16.html]
[wardrobe.essential.gg/category/winter06e8.html]
[wardrobe.essential.gg/category/winter8e83.html]
[wardrobe.essential.gg/category/winterde9d.html]
[wardrobe.essential.gg/category/winter3dc6.html]
[wardrobe.essential.gg/category/winter8f22.html]
[wardrobe.essential.gg/category/winterdc8f.html]
[wardrobe.essential.gg/category/winterbfa2.html]
[wardrobe.essential.gg/category/winter5d1e.html]
[dunb17ur4ymx4.cloudfront.net/packages/images/7a05916f3fe146a3034b17f13c0a0caef4e9c37f.png]
[dunb17ur4ymx4.cloudfront.net/packages/images/1b380aee620326f3907104d54efc072c072be411.png]
[dunb17ur4ymx4.cloudfront.net/packages/images/2400c6734dd14e5fa59c39e44a0f4465ff1accff.png]
[wardrobe.essential.gg/category/winter0307.html]
[dunb17ur4ymx4.cloudfront.net/packages/images/9dac44ea5f3c11214d6dc6a8c57b429ad7f48a99.png]
[dunb17ur4ymx4.cloudfront.net/packages/images/a71fcf19ebebf12efcd37db31275d109e645fdc1.png]
[dunb17ur4ymx4.cloudfront.net/packages/images/3ee9f8a0a9790c7c052810360d9380f8cedec542.png]
[dunb17ur4ymx4.cloudfront.net/packages/images/64be19343c53eacb0cfb7fdc44da9c3f7f8f15c4.png]
[dunb17ur4ymx4.cloudfront.net/packages/images/85ac6e6f791a83c80ebfc1c525c2cfb13cb25ed4.png]
[dunb17ur4ymx4.cloudfront.net/packages/images/6db4e2273d946b174f8dbdf99ddd03c4368ce039.png]
[dunb17ur4ymx4.cloudfront.net/packages/images/f4fb42ae2b8fee41b0ac5b7d61fbdebefb767988.png]
[wardrobe.essential.gg/category/winter.html]
[wardrobe.essential.gg/category/effect741e.html]
[wardrobe.essential.gg/category/effect3a16.html]
[wardrobe.essential.gg/category/effect06e8.html]
[wardrobe.essential.gg/category/effect8e83.html]
[wardrobe.essential.gg/category/effectde9d.html]
[wardrobe.essential.gg/category/effect3dc6.html]
[wardrobe.essential.gg/category/effect8f22.html]
[wardrobe.essential.gg/category/effectdc8f.html]
[wardrobe.essential.gg/category/effectbfa2.html]
[wardrobe.essential.gg/category/effect5d1e.html]
[dunb17ur4ymx4.cloudfront.net/packages/images/68a2bcd31f0ef29e5f175c45c755450dad9c7a75.png]
[dunb17ur4ymx4.cloudfront.net/packages/images/5f3e899f097c226723aa34f18aaf4cbfcd0d24cf.png]
[wardrobe.essential.gg/category/effect.html]
[wardrobe.essential.gg/category/effect0307.html]
[wardrobe.essential.gg/category/back741e.html]
[wardrobe.essential.gg/category/back3a16.html]
[wardrobe.essential.gg/category/back06e8.html]
[wardrobe.essential.gg/category/back8e83.html]
[wardrobe.essential.gg/category/backde9d.html]
[wardrobe.essential.gg/category/back3dc6.html]
[wardrobe.essential.gg/category/back8f22.html]
[wardrobe.essential.gg/category/backdc8f.html]
[wardrobe.essential.gg/category/backbfa2.html]
[wardrobe.essential.gg/category/back5d1e.html]
[dunb17ur4ymx4.cloudfront.net/packages/images/b0dfa46944bcad355edf477fcbce8a6783ec7aa2.png]
[dunb17ur4ymx4.cloudfront.net/packages/images/0f7096cfc9ca25326eb2e93de35bf4dfdbcbcce7.png]
[wardrobe.essential.gg/category/back0307.html]
[dunb17ur4ymx4.cloudfront.net/packages/images/a3682bbc62b16d24226f2401f5ad69a304f25813.png]
[dunb17ur4ymx4.cloudfront.net/packages/images/15e46254efcf90f65973af37a22401e9ff5c64b3.png]
[dunb17ur4ymx4.cloudfront.net/packages/images/eaa15c9fdf52b8acc858f3d4fd96f4202ce7bf7a.png]
[dunb17ur4ymx4.cloudfront.net/packages/images/c4aedf6b2aa06cf8cc32812458b99083f7d8f44f.png]
[dunb17ur4ymx4.cloudfront.net/packages/images/11e6e027ec1382d7c0166c30598b1462573f7d58.png]
[dunb17ur4ymx4.cloudfront.net/packages/images/a442d410046af51a057f25c973a15f07ee2b2027.png]
[dunb17ur4ymx4.cloudfront.net/packages/images/8b612d76a0b26932f699e759b1dae4559817e58e.png]
[dunb17ur4ymx4.cloudfront.net/packages/images/87b334dda6d72cf85309766de9a8a64deb34c77d.png]
[wardrobe.essential.gg/category/back.html]
[wardrobe.essential.gg/category/wings741e.html]
[wardrobe.essential.gg/category/wings3a16.html]
[wardrobe.essential.gg/category/wings06e8.html]
[wardrobe.essential.gg/category/wings8e83.html]
[wardrobe.essential.gg/category/wingsde9d.html]
[wardrobe.essential.gg/category/wings3dc6.html]
[wardrobe.essential.gg/category/wings8f22.html]
[wardrobe.essential.gg/category/wingsdc8f.html]
[wardrobe.essential.gg/category/wingsbfa2.html]
[wardrobe.essential.gg/category/wings5d1e.html]
[dunb17ur4ymx4.cloudfront.net/packages/images/795b2b51ae05753d466b963c439045ae70f38dbf.png]
[wardrobe.essential.gg/category/wings0307.html]
[dunb17ur4ymx4.cloudfront.net/packages/images/bb365ec0e739fbc5d141d601f0c3502964bfb412.png]
[dunb17ur4ymx4.cloudfront.net/packages/images/b994f6d1047428c317327bdafae3c7037d4f66f0.png]
[dunb17ur4ymx4.cloudfront.net/packages/images/bfcc557f2b5da65951c51c1d237fba8187c820ef.png]
[dunb17ur4ymx4.cloudfront.net/packages/images/7e4410d3edb0903474d246a68785d2cbda9ff67a.png]
[dunb17ur4ymx4.cloudfront.net/packages/images/b27bb89b3b1ad38d53d108b0e3dd18c12b70da66.png]
[dunb17ur4ymx4.cloudfront.net/packages/images/b96135caf0a0870268347aad7996607857241cbf.png]
[wardrobe.essential.gg/category/wings.html]
[wardrobe.essential.gg/category/ears741e.html]
[wardrobe.essential.gg/category/ears3a16.html]
[wardrobe.essential.gg/category/ears06e8.html]
[wardrobe.essential.gg/category/ears8e83.html]
[wardrobe.essential.gg/category/earsde9d.html]
[wardrobe.essential.gg/category/ears3dc6.html]
[wardrobe.essential.gg/category/ears8f22.html]
[wardrobe.essential.gg/category/earsdc8f.html]
[wardrobe.essential.gg/category/earsbfa2.html]
[wardrobe.essential.gg/category/ears5d1e.html]
[dunb17ur4ymx4.cloudfront.net/packages/images/9b9c3d27f5646f202a7ecf375a58287ffb1650c5.png]
[dunb17ur4ymx4.cloudfront.net/packages/images/6a65d54e6b2ea64d48dae76307ec6e7bdb587bbe.png]
[wardrobe.essential.gg/category/ears0307.html]
[dunb17ur4ymx4.cloudfront.net/packages/images/82e3e18ef74ae88550a56f14a3157ab3f2189bf9.png]
[dunb17ur4ymx4.cloudfront.net/packages/images/f2f8a4fb0e6d45e028872c1ae2e2bbeca353888e.png]
[dunb17ur4ymx4.cloudfront.net/packages/images/32beb620a479de397b004f2861283f50c19abafd.png]
[dunb17ur4ymx4.cloudfront.net/packages/images/21cabafde3269d7a2ee33b85557ea60847b4a2d6.png]
[dunb17ur4ymx4.cloudfront.net/packages/images/a67bd59bad16e85838e367421a804e10e72b4f92.png]
[wardrobe.essential.gg/category/ears.html]
[wardrobe.essential.gg/category/face741e.html]
[wardrobe.essential.gg/category/face3a16.html]
[wardrobe.essential.gg/category/face06e8.html]
[wardrobe.essential.gg/category/face8e83.html]
[wardrobe.essential.gg/category/facede9d.html]
[wardrobe.essential.gg/category/face3dc6.html]
[wardrobe.essential.gg/category/face8f22.html]
[wardrobe.essential.gg/category/facedc8f.html]
[wardrobe.essential.gg/category/facebfa2.html]
[wardrobe.essential.gg/category/face5d1e.html]
[dunb17ur4ymx4.cloudfront.net/packages/images/56e1bbe5cfbb722400812a7d55c88769d7190ac4.png]
[wardrobe.essential.gg/category/face0307.html]
[dunb17ur4ymx4.cloudfront.net/packages/images/94c3a0d49e402bc332595c39263e54cd6b2d7b5c.png]
[dunb17ur4ymx4.cloudfront.net/packages/images/52e99cb169c3d6995eb29ca09a36fe29c770265c.png]
[dunb17ur4ymx4.cloudfront.net/packages/images/72c4d04b42ca2462583e57fa8c48344fdbbeaebd.png]
[dunb17ur4ymx4.cloudfront.net/packages/images/6a12794d379cff1630ffff283e4fb7e41e91bdac.png]
[wardrobe.essential.gg/category/face.html]
[dunb17ur4ymx4.cloudfront.net/packages/images/c05fb7c0ee02b0da4ebd95c5eed5d839ce0f1f2f.png]
[wardrobe.essential.gg/category/hat741e.html]
[wardrobe.essential.gg/category/hat3a16.html]
[wardrobe.essential.gg/category/hat06e8.html]
[wardrobe.essential.gg/category/hat8e83.html]
[wardrobe.essential.gg/category/hatde9d.html]
[wardrobe.essential.gg/category/hat3dc6.html]
[wardrobe.essential.gg/category/hat8f22.html]
[wardrobe.essential.gg/category/hatdc8f.html]
[wardrobe.essential.gg/category/hatbfa2.html]
[wardrobe.essential.gg/category/hat5d1e.html]
[dunb17ur4ymx4.cloudfront.net/packages/images/d3ad4f4325aa373fe74c52b4e9d84edda75c6564.png]
[dunb17ur4ymx4.cloudfront.net/packages/images/10e1415ce17466c91a919a3f41c93164682c1073.png]
[wardrobe.essential.gg/category/hat0307.html]
[dunb17ur4ymx4.cloudfront.net/packages/images/98ff73881f3009197ca5ccc532a7b979d5f6f138.png]
[dunb17ur4ymx4.cloudfront.net/packages/images/3831032a843be92f2a1077639996ad7bd467cb0f.png]
[dunb17ur4ymx4.cloudfront.net/packages/images/45de4a8a963f543c68329fed4fd49ccd35aa82c2.png]
[dunb17ur4ymx4.cloudfront.net/packages/images/c03a179fdb212dda3656613e217b7497801687cf.png]
[dunb17ur4ymx4.cloudfront.net/packages/images/25e6d2fbdf9ef55c808eef4dfeb9fe28ee09fd3f.png]
[dunb17ur4ymx4.cloudfront.net/packages/images/cf74265017b3e45fcd1e7a913eae1369f1a66020.png]
[dunb17ur4ymx4.cloudfront.net/packages/images/9e5e3ffe76ba790626accfc591eecec6cad8b233.png]
[dunb17ur4ymx4.cloudfront.net/packages/images/e2c126ca9920d7ec9cb56f5ff32d8ea4e59b6999.png]
[dunb17ur4ymx4.cloudfront.net/packages/images/30f1e3a34321629522e8a93d0d63a11f6b7f8ed9.png]
[dunb17ur4ymx4.cloudfront.net/packages/images/585fe0cf2feef692a942d8def1197a8e6b20c7f6.png]
[dunb17ur4ymx4.cloudfront.net/packages/images/585cfef731512324ef0e721155d833a80a5d1a84.png]
[dunb17ur4ymx4.cloudfront.net/packages/images/0324c7b455c9192716ad384c78e713abf3d3e1e9.png]
[dunb17ur4ymx4.cloudfront.net/packages/images/3e5a84c50eab4943cadd0ead1bbab3f7f7dafd13.png]
[dunb17ur4ymx4.cloudfront.net/packages/images/e9019fbe4bb271e5e9d094673c9af8e0b7888d5b.png]
[dunb17ur4ymx4.cloudfront.net/packages/images/3cb78ed75b7b548efbbb1c58ee62e66637a1cf22.png]
[wardrobe.essential.gg/category/hat.html]
[wardrobe.essential.gg/category/arms741e.html]
[wardrobe.essential.gg/category/arms3a16.html]
[wardrobe.essential.gg/category/arms06e8.html]
[wardrobe.essential.gg/category/arms8e83.html]
[wardrobe.essential.gg/category/armsde9d.html]
[wardrobe.essential.gg/category/arms3dc6.html]
[wardrobe.essential.gg/category/arms8f22.html]
[wardrobe.essential.gg/category/armsdc8f.html]
[wardrobe.essential.gg/category/armsbfa2.html]
[wardrobe.essential.gg/category/arms5d1e.html]
[dunb17ur4ymx4.cloudfront.net/packages/images/7539eea02c7ced0c543ceff08a8ea25d6972d260.png]
[wardrobe.essential.gg/category/arms0307.html]
[dunb17ur4ymx4.cloudfront.net/packages/images/a87a533b634c27394e475cdb5109cc63bbcb0df0.png]
[dunb17ur4ymx4.cloudfront.net/packages/images/6a0ddd67d89ff01c8167311a1b6cd7e250f47279.png]
[wardrobe.essential.gg/category/arms.html]
[wardrobe.essential.gg/category/suits741e.html]
[wardrobe.essential.gg/category/suits06e8.html]
[wardrobe.essential.gg/category/suits3a16.html]
[wardrobe.essential.gg/category/suits8e83.html]
[wardrobe.essential.gg/category/suitsde9d.html]
[wardrobe.essential.gg/category/suits3dc6.html]
[wardrobe.essential.gg/category/suits8f22.html]
[wardrobe.essential.gg/category/suitsdc8f.html]
[wardrobe.essential.gg/category/suitsbfa2.html]
[wardrobe.essential.gg/category/suits5d1e.html]
[dunb17ur4ymx4.cloudfront.net/packages/images/43a28c19869cb99baa753b4b6b40d32a2d37ac3c.png]
[dunb17ur4ymx4.cloudfront.net/packages/images/5e4eb7844c3a321cb07f941466181e69e9bee96b.png]
[wardrobe.essential.gg/category/suits0307.html]
[dunb17ur4ymx4.cloudfront.net/packages/images/5d4c56cd047df9db1e0ca4d6299ec3b41076f0f8.png]
[dunb17ur4ymx4.cloudfront.net/packages/images/fe87737167e8fac2ea1128e05a2d4ff8c99769c7.png]
[dunb17ur4ymx4.cloudfront.net/packages/images/1a0166b1ad103a55fcf38693fcf838cb6660f8f8.png]
[dunb17ur4ymx4.cloudfront.net/packages/images/0a7ac85d9905d72a928c959087d8d30934ce486d.png]
[dunb17ur4ymx4.cloudfront.net/packages/images/6885724fa42bb608ced9bf39b245d2e84ed4c83c.png]
[dunb17ur4ymx4.cloudfront.net/packages/images/0c43c30649c7e9c44775acf33b1af58404b161eb.png]
[dunb17ur4ymx4.cloudfront.net/packages/images/0a280a3451cffe44bd56471041f3c08c531aca5f.png]
[dunb17ur4ymx4.cloudfront.net/packages/images/ba46ab6bf02ff128c6443c125a577a88fddd29c4.png]
[dunb17ur4ymx4.cloudfront.net/packages/images/10f3295517c1e1c5f6bc27bcce8f24cdc9461c13.png]
[wardrobe.essential.gg/category/suits.html]
[wardrobe.essential.gg/category/shoes741e.html]
[wardrobe.essential.gg/category/shoes3a16.html]
[wardrobe.essential.gg/category/shoes06e8.html]
[wardrobe.essential.gg/category/shoes8e83.html]
[wardrobe.essential.gg/category/shoesde9d.html]
[wardrobe.essential.gg/category/shoes3dc6.html]
[wardrobe.essential.gg/category/shoes8f22.html]
[wardrobe.essential.gg/category/shoesdc8f.html]
[wardrobe.essential.gg/category/shoesbfa2.html]
[wardrobe.essential.gg/category/shoes5d1e.html]
[dunb17ur4ymx4.cloudfront.net/packages/images/bb127bee5ed16c42297230769d373361aecb36e8.png]
[wardrobe.essential.gg/category/shoes0307.html]
[dunb17ur4ymx4.cloudfront.net/packages/images/dd7c5b55b50e39009161220105514ec8bd88409e.png]
[dunb17ur4ymx4.cloudfront.net/packages/images/35eea88f327d113704250d1a3b4650a005b9891c.png]
[dunb17ur4ymx4.cloudfront.net/packages/images/26f8f05b9a515cd3c15381da510870d3c41b670a.png]
[dunb17ur4ymx4.cloudfront.net/packages/images/b3bde3d38a1723c1497bbc49441238ccd931b890.png]
[dunb17ur4ymx4.cloudfront.net/packages/images/915a9f8ff0a1f36b1c76e2ebfc35e0795cf543a3.png]
[dunb17ur4ymx4.cloudfront.net/packages/images/5b23ecfb1bf33a3a8136ab844a876c1b73ace06c.png]
[dunb17ur4ymx4.cloudfront.net/packages/images/205815fcf5da4d48218b97fe35e3211ac3536fc1.png]
[wardrobe.essential.gg/category/shoes.html]
[dunb17ur4ymx4.cloudfront.net/packages/images/f2ac4748bcd7c9c8c3e3ffa30acadf85d5eba974.png]
[wardrobe.essential.gg/category/emotes741e.html]
[wardrobe.essential.gg/category/emotes3a16.html]
[wardrobe.essential.gg/category/emotes06e8.html]
[wardrobe.essential.gg/category/emotes8e83.html]
[wardrobe.essential.gg/category/emotesde9d.html]
[wardrobe.essential.gg/category/emotes3dc6.html]
[wardrobe.essential.gg/category/emotes8f22.html]
[wardrobe.essential.gg/category/emotesdc8f.html]
[wardrobe.essential.gg/category/emotesbfa2.html]
[wardrobe.essential.gg/category/emotes5d1e.html]
[wardrobe.essential.gg/category/emotes0307.html]
[wardrobe.essential.gg/category/hacker-collection741e.html]
[wardrobe.essential.gg/category/hacker-collection3a16.html]
[wardrobe.essential.gg/category/hacker-collection06e8.html]
[wardrobe.essential.gg/category/hacker-collection8e83.html]
[wardrobe.essential.gg/category/hacker-collectionde9d.html]
[wardrobe.essential.gg/category/hacker-collection3dc6.html]
[wardrobe.essential.gg/category/hacker-collection8f22.html]
[wardrobe.essential.gg/category/hacker-collectiondc8f.html]
[wardrobe.essential.gg/category/hacker-collectionbfa2.html]
[wardrobe.essential.gg/category/hacker-collection5d1e.html]
[wardrobe.essential.gg/category/hacker-collection0307.html]
[wardrobe.essential.gg/category/flame741e.html]
[wardrobe.essential.gg/category/flame3a16.html]
[wardrobe.essential.gg/category/flame06e8.html]
[wardrobe.essential.gg/category/flame8e83.html]
[wardrobe.essential.gg/category/flamede9d.html]
[wardrobe.essential.gg/category/flame3dc6.html]
[wardrobe.essential.gg/category/flame8f22.html]
[wardrobe.essential.gg/category/flamedc8f.html]
[wardrobe.essential.gg/category/flamebfa2.html]
[wardrobe.essential.gg/category/flame5d1e.html]
[wardrobe.essential.gg/category/flame0307.html]
[wardrobe.essential.gg/category/winter741e.html]
[wardrobe.essential.gg/category/winter3a16.html]
[wardrobe.essential.gg/category/winter06e8.html]
[wardrobe.essential.gg/category/winter8e83.html]
[wardrobe.essential.gg/category/winterde9d.html]
[wardrobe.essential.gg/category/winter3dc6.html]
[wardrobe.essential.gg/category/winter8f22.html]
[wardrobe.essential.gg/category/winterdc8f.html]
[wardrobe.essential.gg/category/winterbfa2.html]
[wardrobe.essential.gg/category/winter5d1e.html]
[wardrobe.essential.gg/category/winter0307.html]
[wardrobe.essential.gg/category/effect741e.html]
[wardrobe.essential.gg/category/effect3a16.html]
[wardrobe.essential.gg/category/effect06e8.html]
[wardrobe.essential.gg/category/effect8e83.html]
[wardrobe.essential.gg/category/effectde9d.html]
[wardrobe.essential.gg/category/effect3dc6.html]
[wardrobe.essential.gg/category/effect8f22.html]
[wardrobe.essential.gg/category/effectdc8f.html]
[wardrobe.essential.gg/category/effectbfa2.html]
[wardrobe.essential.gg/category/effect5d1e.html]
[wardrobe.essential.gg/category/effect0307.html]
[wardrobe.essential.gg/category/back741e.html]
[wardrobe.essential.gg/category/back3a16.html]
[wardrobe.essential.gg/category/back06e8.html]
[wardrobe.essential.gg/category/back8e83.html]
[wardrobe.essential.gg/category/backde9d.html]
[wardrobe.essential.gg/category/back3dc6.html]
[wardrobe.essential.gg/category/back8f22.html]
[wardrobe.essential.gg/category/backdc8f.html]
[wardrobe.essential.gg/category/backbfa2.html]
[wardrobe.essential.gg/category/back5d1e.html]
[wardrobe.essential.gg/category/back0307.html]
[wardrobe.essential.gg/category/wings741e.html]
[wardrobe.essential.gg/category/wings3a16.html]
[wardrobe.essential.gg/category/wings06e8.html]
[wardrobe.essential.gg/category/wings8e83.html]
[wardrobe.essential.gg/category/wingsde9d.html]
[wardrobe.essential.gg/category/wings3dc6.html]
[wardrobe.essential.gg/category/wings8f22.html]
[wardrobe.essential.gg/category/wingsdc8f.html]
[wardrobe.essential.gg/category/wingsbfa2.html]
[wardrobe.essential.gg/category/wings5d1e.html]
[wardrobe.essential.gg/category/wings0307.html]
[wardrobe.essential.gg/category/ears741e.html]
[wardrobe.essential.gg/category/ears3a16.html]
[wardrobe.essential.gg/category/ears06e8.html]
[wardrobe.essential.gg/category/ears8e83.html]
[wardrobe.essential.gg/category/earsde9d.html]
[wardrobe.essential.gg/category/ears3dc6.html]
[wardrobe.essential.gg/category/ears8f22.html]
[wardrobe.essential.gg/category/earsdc8f.html]
[wardrobe.essential.gg/category/earsbfa2.html]
[wardrobe.essential.gg/category/ears5d1e.html]
[wardrobe.essential.gg/category/ears0307.html]
[wardrobe.essential.gg/category/face741e.html]
[wardrobe.essential.gg/category/face3a16.html]
[wardrobe.essential.gg/category/face06e8.html]
[wardrobe.essential.gg/category/face8e83.html]
[wardrobe.essential.gg/category/facede9d.html]
[wardrobe.essential.gg/category/face3dc6.html]
[wardrobe.essential.gg/category/face8f22.html]
[wardrobe.essential.gg/category/facedc8f.html]
[wardrobe.essential.gg/category/facebfa2.html]
[wardrobe.essential.gg/category/face5d1e.html]
[wardrobe.essential.gg/category/face0307.html]
[wardrobe.essential.gg/category/hat741e.html]
[wardrobe.essential.gg/category/hat3a16.html]
[wardrobe.essential.gg/category/hat06e8.html]
[wardrobe.essential.gg/category/hat8e83.html]
[wardrobe.essential.gg/category/hatde9d.html]
[wardrobe.essential.gg/category/hat3dc6.html]
[wardrobe.essential.gg/category/hat8f22.html]
[wardrobe.essential.gg/category/hatdc8f.html]
[wardrobe.essential.gg/category/hatbfa2.html]
[wardrobe.essential.gg/category/hat5d1e.html]
[wardrobe.essential.gg/category/hat0307.html]
[wardrobe.essential.gg/category/arms741e.html]
[wardrobe.essential.gg/category/arms3a16.html]
[wardrobe.essential.gg/category/arms06e8.html]
[wardrobe.essential.gg/category/arms8e83.html]
[wardrobe.essential.gg/category/armsde9d.html]
[wardrobe.essential.gg/category/arms3dc6.html]
[wardrobe.essential.gg/category/arms8f22.html]
[wardrobe.essential.gg/category/armsdc8f.html]
[wardrobe.essential.gg/category/armsbfa2.html]
[wardrobe.essential.gg/category/arms5d1e.html]
[wardrobe.essential.gg/category/arms0307.html]
[wardrobe.essential.gg/category/suits741e.html]
[wardrobe.essential.gg/category/suits3a16.html]
[wardrobe.essential.gg/category/suits06e8.html]
[wardrobe.essential.gg/category/suits8e83.html]
[wardrobe.essential.gg/category/suitsde9d.html]
[wardrobe.essential.gg/category/suits3dc6.html]
[wardrobe.essential.gg/category/suits8f22.html]
[wardrobe.essential.gg/category/suitsdc8f.html]
[wardrobe.essential.gg/category/suitsbfa2.html]
[wardrobe.essential.gg/category/suits5d1e.html]
[wardrobe.essential.gg/category/suits0307.html]
[wardrobe.essential.gg/category/shoes741e.html]
[wardrobe.essential.gg/category/shoes3a16.html]
[wardrobe.essential.gg/category/shoes06e8.html]
[wardrobe.essential.gg/category/shoes8e83.html]
[wardrobe.essential.gg/category/shoesde9d.html]
[wardrobe.essential.gg/category/shoes3dc6.html]
[wardrobe.essential.gg/category/shoes8f22.html]
[wardrobe.essential.gg/category/shoesdc8f.html]
[wardrobe.essential.gg/category/shoesbfa2.html]
[wardrobe.essential.gg/category/shoes5d1e.html]
[wardrobe.essential.gg/category/shoes0307.html]
